[33mÔØ»[39m Building...
[32mÔ£ö[39m Building...
[1mInitial chunk files[22m  [2m | [22m[1mNames[22m        [2m | [22m[1mRaw size[22m[2m | [22m[1mEstimated transfer size[22m
[32mmain-MPSHNZPL.js[39m     [2m | [22m[2mmain[22m         [2m | [22m [36m1.20 MB[39m[2m | [22m              [36m277.78 kB[39m
[32mstyles-V6AVET7U.css[39m  [2m | [22m[2mstyles[22m       [2m | [22m[36m37.78 kB[39m[2m | [22m                [36m5.74 kB[39m
[32mpolyfills-B6TNHZQ6.js[39m[2m | [22m[2mpolyfills[22m    [2m | [22m[36m34.58 kB[39m[2m | [22m               [36m11.32 kB[39m

[1m [22m                    [2m | [22m[1mInitial total[22m[2m | [22m [1m[91m1.27 MB[39m[22m[2m | [22m              [1m294.84 kB[22m

Application bundle generation failed. [3.920 seconds]

node.exe : 
[1m[33m[33mÔû▓ [43;
33m[[43;30mWARNING[43
;33m][0m [1mbundle 
initial exceeded 
maximum budget. Budget 
500.00 kB was not met 
by 773.76 kB with a 
total of 1.27 MB.[0m
Au caractère 
C:\Program Files\nodejs
\npx.ps1:29 : 3
+   & $NODE_EXE 
$NPX_CLI_JS $args
+   ~~~~~~~~~~~~~~~~~~~
~~~~~~~~~~
    + CategoryInfo     
         : NotSpecifi  
  ed: ([1m[33m[33   
 mÔ...of 1.27 MB.[    
0m:String) [], Rem    
oteException
    + FullyQualifiedEr 
   rorId : NativeComm  
  andError
 

[39m[22m
[1m[31m[31mX [41;31
m[[41;97mERROR[41;31m
][0m [1mbundle 
initial exceeded 
maximum budget. Budget 
1.00 MB was not met by 
273.76 kB with a total 
of 1.27 MB.[0m

[39m[22m
